// Jest Snapshot v1, https://goo.gl/fbAQLP

exports[`<Main /> should render the heading 1`] = `
<main
  class="styles__Wrapper-sc-1cs6c8-0 jxbhx"
>
  <img
    alt="Imagem de um átomo e React Avançado escrito ao lado"
    class="styles__Logo-sc-1cs6c8-1 bOKGrS"
    src="/img/logo.svg"
  />
  <h1
    class="styles__Title-sc-1cs6c8-2 ivArDA"
  >
    React Avançado
  </h1>
  <h2
    class="styles__Description-sc-1cs6c8-3 diWpuz"
  >
    Typescript, ReactJS, NextJS e Styled Components
  </h2>
  <img
    alt="Homem sentado na frente do computador programando"
    class="styles__Illustration-sc-1cs6c8-4 bISJTu"
    src="/img/hero-illustration.svg"
  />
</main>
`;
